./logs/21-Aug-25 22:11:20::__main__::INFO::{'phone_number': 9972459442, 'profile_path': '', 'positions': ['Software Engineer', 'Software Developer', 'Java Developer', 'Spring Developer'], 'locations': ['Bengaluru', 'Remote'], 'salary': '60,000', 'rate': 25, 'uploads': {'Resume': 'C:\\Users\\Admin\\Downloads/Anant_cv.pdf'}, 'output_filename': ['/Users\\Admin\\Desktop\\Linkedin/out.csv', 'Alten'], 'experience_level': [2, 3]}
./logs/21-Aug-25 22:11:20::__main__::INFO::Welcome to Easy Apply Bot
./logs/21-Aug-25 22:11:20::__main__::INFO::current directory is : C:\Users\Admin\Desktop\JobApplierBot\Linkedin\LinkedIn-Easy-Apply-Bot
./logs/21-Aug-25 22:11:20::__main__::INFO::Please wait while we prepare the bot for you
./logs/21-Aug-25 22:11:20::__main__::INFO::Applying for experience level roles: Associate, Mid-Senior level
./logs/21-Aug-25 22:11:20::__main__::INFO::'utf-8' codec can't decode byte 0x96 in position 15: invalid start byte   jobIDs could not be loaded from CSV /Users\Admin\Desktop\Linkedin/out.csv
./logs/21-Aug-25 22:11:23::__main__::INFO::Logging in.....Please wait :)  
./logs/21-Aug-25 22:11:26::__main__::ERROR::Login failed: Message: no such window: target window already closed
from unknown error: web view not found
  (Session info: chrome=138.0.7204.169)
Stacktrace:
	GetHandleVerifier [0x0xa0ba83+63395]
	GetHandleVerifier [0x0xa0bac4+63460]
	(No symbol) [0x0x852113]
	(No symbol) [0x0x830fb9]
	(No symbol) [0x0x8c5ace]
	(No symbol) [0x0x8e0099]
	(No symbol) [0x0x8bf1a6]
	(No symbol) [0x0x88e7b2]
	(No symbol) [0x0x88f654]
	GetHandleVerifier [0x0xc88883+2672035]
	GetHandleVerifier [0x0xc83cba+2652634]
	GetHandleVerifier [0x0xa32bca+223466]
	GetHandleVerifier [0x0xa22cb8+158168]
	GetHandleVerifier [0x0xa2978d+185517]
	GetHandleVerifier [0x0xa13b78+96408]
	GetHandleVerifier [0x0xa13d02+96802]
	GetHandleVerifier [0x0x9fe90a+9770]
	BaseThreadInitThunk [0x0x76165d49+25]
	RtlInitializeExceptionChain [0x0x77aad2fb+107]
	RtlGetAppContainerNamedObjectPath [0x0x77aad281+561]

